// Jest Snapshot v1, https://goo.gl/fbAQLP

exports[`itemIsEqual should emit a console warning when using the default itemIsEqual prop 1`] = `
Array [
  "MultiDownshift: using a deep compare itemIsEqual implementation for object comparision. You should probably provide your own \`itemIsEqual\` implementation.",
]
`;
