// Jest Snapshot v1, https://goo.gl/fbAQLP

exports[`TextField deve ser renderizado de forma correta 1`] = `
<div
  data-name="test"
>
  <div>
    <input
      class="css-120vq3d"
      maxlength="2"
      name="test"
      placeholder="Test"
      type="text"
      value=""
    />
  </div>
</div>
`;
