// Jest Snapshot v1, https://goo.gl/fbAQLP

exports[`PageContainer deve renderizar corretamente 1`] = `
.emotion-0 {
  width: 960px;
  margin: 0 auto;
  padding-top: 0.75rem;
  padding-bottom: 0.75rem;
  padding-left: 1rem;
  padding-right: 1rem;
}

@media (max-width:1280px) {
  .emotion-0 {
    width: 768px;
    padding: 0.25rem 0.5rem;
  }
}

<div
  class="emotion-0"
>
  Content
</div>
`;
