// Jest Snapshot v1, https://goo.gl/fbAQLP

exports[`should render correctly 1`] = `
.emotion-0 {
  background-color: #FFFFFF;
  border: solid 1px #8F8FA2;
  border-radius: 2px;
  color: #24252E;
  font-family: "IBM Plex Sans",sans-serif;
  font-size: 0.8125rem;
  line-height: 1rem;
  margin: 0;
  padding: calc(0.5rem - 1px) 0.5rem;
  width: 100%;
  -webkit-transition-property: box-shadow;
  transition-property: box-shadow;
  -webkit-transition-duration: .2s;
  transition-duration: .2s;
}

.emotion-0[type="search"]::-webkit-search-decoration {
  display: none;
}

.emotion-0[type="search"]::-webkit-search-cancel-button {
  display: none;
}

.emotion-0[type="search"]::-webkit-search-results-button {
  display: none;
}

.emotion-0[type="search"]::-webkit-search-results-decoration {
  display: none;
}

.emotion-0:required {
  box-shadow: none;
}

.emotion-0::-webkit-input-placeholder {
  color: #696979;
}

.emotion-0::-moz-placeholder {
  color: #696979;
}

.emotion-0:-ms-input-placeholder {
  color: #696979;
}

.emotion-0::placeholder {
  color: #696979;
}

.emotion-0:disabled {
  border-color: #D3D4DD;
  background-color: #F0F0F5;
}

.emotion-0:not(:disabled):hover {
  border-color: #7A7B8E;
}

.emotion-0:not(:disabled):focus {
  outline: none;
  box-shadow: 0 0 0 2px #F0F0F5,0 0 0 4px #0069D0;
}

.emotion-0:not(:disabled):active {
  border-color: #0069D0;
  box-shadow: 0 2px 4px 0 rgba(0,0,0,0.09);
}

<div>
  <input
    class="emotion-0"
    type="text"
  />
</div>
`;
