// Jest Snapshot v1, https://goo.gl/fbAQLP

exports[`BreadcrumbNav deve renderizar corretamente 1`] = `
.emotion-6 {
  list-style: none;
  padding: 0;
  margin: 0;
}

.emotion-3 {
  display: -webkit-inline-box;
  display: -webkit-inline-flex;
  display: -ms-inline-flexbox;
  display: inline-flex;
}

.emotion-3:last-child a {
  pointer-events: none;
  color: #056DFF;
}

.emotion-0 {
  color: #4d4d4d;
  -webkit-text-decoration: none;
  text-decoration: none;
  font-weight: bold;
  font-size: 0.75rem;
  -webkit-transition: all .2s;
  transition: all .2s;
  display: inline-block;
}

.emotion-0:hover {
  color: #056DFF;
}

.emotion-2 {
  display: -webkit-inline-box;
  display: -webkit-inline-flex;
  display: -ms-inline-flexbox;
  display: inline-flex;
  color: #b3b3b3;
  margin: 0 .5rem;
  font-size: 1rem;
}

.emotion-1 {
  fill: currentColor;
  font-size: 1rem;
}

<nav
  aria-label="Breadcrumbs"
  role="navigation"
>
  <ol
    class="emotion-6"
  >
    <li
      class="emotion-3"
    >
      <a
        class="emotion-0"
        href="/"
      >
        Entry #1
      </a>
      <span
        class="emotion-2"
      >
        <svg
          aria-hidden="true"
          class="emotion-1"
          height="1em"
          viewBox="0 0 24 24"
          width="1em"
        >
          <path
            d="M9.53 18.36l-1.42-1.41L13.06 12 8.11 7.05l1.42-1.41L15.89 12l-6.36 6.36z"
          />
        </svg>
      </span>
    </li>
    <li
      class="emotion-3"
    >
      <a
        class="emotion-0"
        href="/second"
      >
        Entry #2
      </a>
    </li>
  </ol>
</nav>
`;
