// Jest Snapshot v1, https://goo.gl/fbAQLP

exports[`render correctly 1`] = `
.emotion-0 {
  font-weight: bold;
  display: block;
  margin-bottom: 0.25rem;
}

.emotion-1 {
  background-color: #ffffff;
  border: solid 1px #b3b3b3;
  border-radius: 2px;
  color: #4d4d4d;
  font-family: "Noto Sans",sans-serif;
  font-size: 0.75rem;
  line-height: 1rem;
  padding: calc(0.5rem - 1px) 0.5rem;
  width: 100%;
  -webkit-transition: all .2s;
  transition: all .2s;
}

.emotion-1::-webkit-input-placeholder {
  color: #b3b3b3;
}

.emotion-1::-moz-placeholder {
  color: #b3b3b3;
}

.emotion-1:-ms-input-placeholder {
  color: #b3b3b3;
}

.emotion-1::placeholder {
  color: #b3b3b3;
}

.emotion-1:disabled {
  border-color: #cccccc;
  background-color: #f2f2f7;
}

.emotion-1:not(:disabled):hover {
  border-color: #999999;
}

.emotion-1:not(:disabled):focus {
  outline: none;
  box-shadow: 0 0 0 2px #f2f2f7,0 0 0 4px #056DFF;
}

.emotion-1:not(:disabled):active {
  border-color: #056DFF;
  box-shadow: 0 2px 4px 0 rgba(0,0,0,0.09);
}

<div
  data-name="test"
>
  <label
    class="emotion-0"
    for="test"
  >
    Mask test
  </label>
  <input
    class="emotion-1"
    label="Mask test"
    name="test"
    placeholder="Test"
    value=""
  />
</div>
`;
