// Jest Snapshot v1, https://goo.gl/fbAQLP

exports[`deve renderizar corretamente 1`] = `
.emotion-6 {
  list-style: none;
  padding: 0px;
  margin: 0 -1rem;
  font-size: 0.875rem;
}

.emotion-1 {
  display: inline-block;
}

.emotion-0 {
  display: inline-block;
  -webkit-text-decoration: none;
  text-decoration: none;
  color: #808080;
  font-weight: bold;
  padding: 0.5rem 0;
  margin: 0 1rem;
  -webkit-letter-spacing: 1px;
  -moz-letter-spacing: 1px;
  -ms-letter-spacing: 1px;
  letter-spacing: 1px;
  line-height: 1rem;
  -webkit-transition: .2s color;
  transition: .2s color;
}

.emotion-0.active {
  color: #056DFF;
  border-bottom: 2px solid currentColor;
}

<ul
  class="emotion-6"
  role="tablist"
>
  <li
    class="emotion-1"
    role="presentation"
  >
    <a
      aria-current="true"
      class="emotion-0 active"
      href="/"
      role="tab"
    >
      Home
    </a>
  </li>
  <li
    class="emotion-1"
    role="presentation"
  >
    <a
      aria-current="false"
      class="emotion-0"
      href="/test"
      role="tab"
    >
      Test
    </a>
  </li>
  <li
    class="emotion-1"
    role="presentation"
  >
    <a
      aria-current="true"
      class="emotion-0 active"
      href="/active"
      role="tab"
    >
      Active
    </a>
  </li>
</ul>
`;
